<html>
<body>
<pre>
<h1>µVision Build Log</h1>
<h2>Tool Versions:</h2>
IDE-Version: ¦ÌVision V5.36.0.0
Copyright (C) 2021 ARM Ltd and ARM Germany GmbH. All rights reserved.
License Information: EZ4MAS1 EZ4MAS1, EZ4MAS1, LIC=D0D7S-LAZCR-30GNC-77E70-YRS7W-XJX2D
 
Tool Versions:
Toolchain:       MDK-ARM Plus  Version: 5.36.0.0
Toolchain Path:  D:\work\keil_v5\ARM\ARMCC\Bin
C Compiler:      Armcc.exe V5.06 update 7 (build 960)
Assembler:       Armasm.exe V5.06 update 7 (build 960)
Linker/Locator:  ArmLink.exe V5.06 update 7 (build 960)
Library Manager: ArmAr.exe V5.06 update 7 (build 960)
Hex Converter:   FromElf.exe V5.06 update 7 (build 960)
CPU DLL:         SARMCM3.DLL V5.36.0.0
Dialog DLL:      DCM.DLL V1.17.3.0
Target DLL:      CMSIS_AGDI.dll V1.33.0.0
Dialog DLL:      TCM.DLL V1.53.0.0
 
<h2>Project:</h2>
D:\work\H743\project\RTOStest\MDK-ARM\RTOStest.uvprojx
Project File Date:  04/03/2026

<h2>Output:</h2>
*** Using Compiler 'V5.06 update 7 (build 960)', folder: 'D:\work\keil_v5\ARM\ARMCC\Bin'
Rebuild target 'RTOStest'
assembling startup_stm32h743xx.s...
compiling lcd_fonts.c...
compiling lcd_image.c...
compiling gpio.c...
compiling stm32h7xx_hal_msp.c...
compiling spi.c...
compiling lcd.c...
../BSP/Src/lcd.c(345): warning:  #223-D: function "sprintf" declared implicitly
          sprintf(Number_Buffer, "%0.*d", len, number);
../BSP/Src/lcd.c(347): warning:  #223-D: function "sprintf" declared implicitly
          sprintf(Number_Buffer, "%*d", len, number);
../BSP/Src/lcd.c(355): warning:  #223-D: function "sprintf" declared implicitly
          sprintf(Number_Buffer, "%0*.*lf", len, decs, decimals);
../BSP/Src/lcd.c(357): warning:  #223-D: function "sprintf" declared implicitly
          sprintf(Number_Buffer, "%*.*lf", len, decs, decimals);
../BSP/Src/lcd.c: 4 warnings, 0 errors
compiling stm32h7xx_it.c...
compiling stm32h7xx_hal_timebase_tim.c...
compiling main.c...
compiling usart.c...
compiling freertos.c...
compiling app_tasks.c...
compiling stm32h7xx_hal_tim.c...
compiling stm32h7xx_hal_hsem.c...
compiling stm32h7xx_hal_mdma.c...
compiling stm32h7xx_hal_dma_ex.c...
compiling stm32h7xx_hal_cortex.c...
compiling stm32h7xx_hal_flash.c...
compiling stm32h7xx_hal_gpio.c...
compiling stm32h7xx_hal_flash_ex.c...
compiling stm32h7xx_hal_tim_ex.c...
compiling stm32h7xx_hal_rcc.c...
compiling stm32h7xx_hal_dma.c...
compiling stm32h7xx_hal_rcc_ex.c...
compiling stm32h7xx_hal_exti.c...
compiling mpu_wrappers_v2.c...
compiling stm32h7xx_hal_i2c_ex.c...
compiling croutine.c...
compiling list.c...
compiling event_groups.c...
compiling stm32h7xx_hal_spi_ex.c...
compiling stm32h7xx_hal_uart_ex.c...
compiling stream_buffer.c...
compiling stm32h7xx_hal.c...
compiling queue.c...
compiling timers.c...
compiling system_stm32h7xx.c...
compiling heap_4.c...
compiling stm32h7xx_hal_pwr_ex.c...
compiling tasks.c...
compiling port.c...
compiling stm32h7xx_hal_pwr.c...
compiling stm32h7xx_hal_i2c.c...
compiling stm32h7xx_hal_spi.c...
compiling stm32h7xx_hal_uart.c...
compiling cmsis_os2.c...
linking...
Program Size: Code=24520 RO-data=19120 RW-data=232 ZI-data=72888  
FromELF: creating hex file...
"RTOStest\RTOStest.axf" - 0 Error(s), 4 Warning(s).

<h2>Software Packages used:</h2>

Package Vendor: ARM
                http://www.keil.com/pack/ARM.CMSIS.5.8.0.pack
                ARM.CMSIS.5.8.0
                CMSIS (Common Microcontroller Software Interface Standard)
   * Component: CORE Version: 5.5.0

Package Vendor: Keil
                http://www.keil.com/pack/Keil.STM32H7xx_DFP.2.8.0.pack
                Keil.STM32H7xx_DFP.2.8.0
                STMicroelectronics STM32H7 Series Device Support and Examples

<h2>Collection of Component include folders:</h2>
  .\RTE\_RTOStest
  D:\work\keil_v5\ARM\PACK\ARM\CMSIS\5.8.0\CMSIS\Core\Include
  D:\work\keil_v5\ARM\PACK\Keil\STM32H7xx_DFP\2.8.0\Drivers\CMSIS\Device\ST\STM32H7xx\Include

<h2>Collection of Component Files used:</h2>

   * Component: ARM::CMSIS:CORE:5.5.0
      Include file:  CMSIS\Core\Include\tz_context.h
Build Time Elapsed:  00:00:28
</pre>
</body>
</html>
